[DATA_POINT]
1="tcp_connect"
2="tcp_connection_count"
3="mic_recv"
4="HTTP_200"
5="tcp_shutdown"
6="RETRY_KEEP_ALIVE"
[END_TRANSACTION]
1="vuser_init_Transaction"
2="http://localhost:1080/WebTours/"
3="http://localhost:1080/WebTours/header.html"
4="http://localhost:1080/WebTours/images/hp_logo.png"
5="http://localhost:1080/WebTours/images/webtours.png"
6="http://localhost:1080/cgi-bin/welcome.pl?signOff=true"
7="http://localhost:1080/WebTours/home.html"
8="http://localhost:1080/WebTours/images/mer_login.gif"
9="http://localhost:1080/cgi-bin/nav.pl?in=home"
10="WebTours_Action_10"
11="http://localhost:1080/cgi-bin/login.pl"
12="http://localhost:1080/WebTours/images/flights.gif"
13="http://localhost:1080/cgi-bin/nav.pl?page=menu&in=home"
14="http://localhost:1080/cgi-bin/login.pl?intro=true"
15="http://localhost:1080/WebTours/images/in_home.gif"
16="http://localhost:1080/WebTours/images/itinerary.gif"
17="http://localhost:1080/WebTours/images/signoff.gif"
18="login.pl_Action_24"
19="http://localhost:1080/cgi-bin/welcome.pl?page=search"
20="http://localhost:1080/WebTours/images/home.gif"
21="http://localhost:1080/cgi-bin/nav.pl?page=menu&in=flights"
22="http://localhost:1080/WebTours/images/in_flights.gif"
23="http://localhost:1080/cgi-bin/reservations.pl?page=welcome"
24="http://localhost:1080/WebTours/images/button_next.gif"
25="Search_Flights_Button_Action_37"
26="http://localhost:1080/cgi-bin/reservations.pl"
27="reservations.pl_Action_45"
28="reservations.pl_2_Action_66"
29="http://localhost:1080/WebTours/images/bookanother.gif"
30="reservations.pl_3_Action_80"
31="http://localhost:1080/cgi-bin/welcome.pl?signOff=1"
32="SignOff_Button_Action_100"
33="Action_Transaction"
34="vuser_end_Transaction"
